// Jest Snapshot v1, https://goo.gl/fbAQLP

exports[`Login have render component 1`] = `
Object {
  "asFragment": [Function],
  "baseElement": <body>
    <div>
      <div
        class="login-container"
      >
        <div
          class="login-header"
        >
          <h2>
            Log In
          </h2>
        </div>
        <div
          class="login-field-group"
        >
          <div>
            <label
              class="login-username"
            >
              User
            </label>
            <input
              data-testid="usename-input"
              name="username"
              placeholder="Username"
              required=""
              type="text"
              value="sarahedo"
            />
          </div>
          <div>
            <label>
              Password
            </label>
            <input
              data-testid="password-input"
              name="password"
              placeholder="Password"
              required=""
              type="text"
              value="password123"
            />
          </div>
          <div
            class="login-submit-btn"
          >
            <input
              data-testid="submit-button"
              type="submit"
              value="Submit"
            />
          </div>
        </div>
      </div>
    </div>
  </body>,
  "container": <div>
    <div
      class="login-container"
    >
      <div
        class="login-header"
      >
        <h2>
          Log In
        </h2>
      </div>
      <div
        class="login-field-group"
      >
        <div>
          <label
            class="login-username"
          >
            User
          </label>
          <input
            data-testid="usename-input"
            name="username"
            placeholder="Username"
            required=""
            type="text"
            value="sarahedo"
          />
        </div>
        <div>
          <label>
            Password
          </label>
          <input
            data-testid="password-input"
            name="password"
            placeholder="Password"
            required=""
            type="text"
            value="password123"
          />
        </div>
        <div
          class="login-submit-btn"
        >
          <input
            data-testid="submit-button"
            type="submit"
            value="Submit"
          />
        </div>
      </div>
    </div>
  </div>,
  "debug": [Function],
  "findAllByAltText": [Function],
  "findAllByDisplayValue": [Function],
  "findAllByLabelText": [Function],
  "findAllByPlaceholderText": [Function],
  "findAllByRole": [Function],
  "findAllByTestId": [Function],
  "findAllByText": [Function],
  "findAllByTitle": [Function],
  "findByAltText": [Function],
  "findByDisplayValue": [Function],
  "findByLabelText": [Function],
  "findByPlaceholderText": [Function],
  "findByRole": [Function],
  "findByTestId": [Function],
  "findByText": [Function],
  "findByTitle": [Function],
  "getAllByAltText": [Function],
  "getAllByDisplayValue": [Function],
  "getAllByLabelText": [Function],
  "getAllByPlaceholderText": [Function],
  "getAllByRole": [Function],
  "getAllByTestId": [Function],
  "getAllByText": [Function],
  "getAllByTitle": [Function],
  "getByAltText": [Function],
  "getByDisplayValue": [Function],
  "getByLabelText": [Function],
  "getByPlaceholderText": [Function],
  "getByRole": [Function],
  "getByTestId": [Function],
  "getByText": [Function],
  "getByTitle": [Function],
  "queryAllByAltText": [Function],
  "queryAllByDisplayValue": [Function],
  "queryAllByLabelText": [Function],
  "queryAllByPlaceholderText": [Function],
  "queryAllByRole": [Function],
  "queryAllByTestId": [Function],
  "queryAllByText": [Function],
  "queryAllByTitle": [Function],
  "queryByAltText": [Function],
  "queryByDisplayValue": [Function],
  "queryByLabelText": [Function],
  "queryByPlaceholderText": [Function],
  "queryByRole": [Function],
  "queryByTestId": [Function],
  "queryByText": [Function],
  "queryByTitle": [Function],
  "rerender": [Function],
  "unmount": [Function],
}
`;
